5.355088169393570574e+00,5.606772412401632266e+00,2.703270748296462966e-01,5.381408138049708967e+00,5.261355614357515087e+00,-4.079549918988088497e-01,-5.182324474551911919e+00,3.695481388907447262e-01,-5.238474288082559799e-02,1.665564584447352670e-01,-5.955401876564963892e+00,-2.217626865156164251e-01,-5.967343479332643419e+00,9.073821102416884665e-02,3.703103995504785639e-01,2.466151879965445548e-01,-5.373012500109096479e+00,4.146494691512619957e-02
