[60.49433112]
[ 0.10244747  0.11277079  0.0039464   0.14144699  0.13176376 -0.01233929
 -0.11117993  0.06595194  0.0012527   0.07939089 -0.18379039 -0.00619335
 -0.27142564  0.04836513  0.01498219  0.05932022 -0.17506122 -0.00164865]
[-0.69506089  0.14564405  0.02145338  0.14564405 -0.38953171 -0.00780801
  0.02145338 -0.00780801 -0.00123013]
