-1.336768232407933077e+01,4.818050125305788911e-01,3.589284283410607568e-01,4.818050125305786691e-01,-1.225345559839458609e+01,-1.701405121682752208e-01,3.589284283410607013e-01,-1.701405121682753041e-01,-3.428455515842296353e-02
